// Jest Snapshot v1, https://goo.gl/fbAQLP

exports[`Storyshots Board All Cho 1`] = `
<div>
  <div
    className="board-row"
  >
    <button
      className="square"
      onClick={[Function]}
    >
      丁
    </button>
    <button
      className="square"
      onClick={[Function]}
    >
      丁
    </button>
    <button
      className="square"
      onClick={[Function]}
    >
      丁
    </button>
  </div>
  <div
    className="board-row"
  >
    <button
      className="square"
      onClick={[Function]}
    >
      丁
    </button>
    <button
      className="square"
      onClick={[Function]}
    >
      丁
    </button>
    <button
      className="square"
      onClick={[Function]}
    >
      丁
    </button>
  </div>
  <div
    className="board-row"
  >
    <button
      className="square"
      onClick={[Function]}
    >
      丁
    </button>
    <button
      className="square"
      onClick={[Function]}
    >
      丁
    </button>
    <button
      className="square"
      onClick={[Function]}
    >
      丁
    </button>
  </div>
</div>
`;

exports[`Storyshots Board All Circle 1`] = `
<div>
  <div
    className="board-row"
  >
    <button
      className="square"
      onClick={[Function]}
    >
      O
    </button>
    <button
      className="square"
      onClick={[Function]}
    >
      O
    </button>
    <button
      className="square"
      onClick={[Function]}
    >
      O
    </button>
  </div>
  <div
    className="board-row"
  >
    <button
      className="square"
      onClick={[Function]}
    >
      O
    </button>
    <button
      className="square"
      onClick={[Function]}
    >
      O
    </button>
    <button
      className="square"
      onClick={[Function]}
    >
      O
    </button>
  </div>
  <div
    className="board-row"
  >
    <button
      className="square"
      onClick={[Function]}
    >
      O
    </button>
    <button
      className="square"
      onClick={[Function]}
    >
      O
    </button>
    <button
      className="square"
      onClick={[Function]}
    >
      O
    </button>
  </div>
</div>
`;

exports[`Storyshots Board All Cross 1`] = `
<div>
  <div
    className="board-row"
  >
    <button
      className="square"
      onClick={[Function]}
    >
      X
    </button>
    <button
      className="square"
      onClick={[Function]}
    >
      X
    </button>
    <button
      className="square"
      onClick={[Function]}
    >
      X
    </button>
  </div>
  <div
    className="board-row"
  >
    <button
      className="square"
      onClick={[Function]}
    >
      X
    </button>
    <button
      className="square"
      onClick={[Function]}
    >
      X
    </button>
    <button
      className="square"
      onClick={[Function]}
    >
      X
    </button>
  </div>
  <div
    className="board-row"
  >
    <button
      className="square"
      onClick={[Function]}
    >
      X
    </button>
    <button
      className="square"
      onClick={[Function]}
    >
      X
    </button>
    <button
      className="square"
      onClick={[Function]}
    >
      X
    </button>
  </div>
</div>
`;

exports[`Storyshots Board All Han 1`] = `
<div>
  <div
    className="board-row"
  >
    <button
      className="square"
      onClick={[Function]}
    >
      半
    </button>
    <button
      className="square"
      onClick={[Function]}
    >
      半
    </button>
    <button
      className="square"
      onClick={[Function]}
    >
      半
    </button>
  </div>
  <div
    className="board-row"
  >
    <button
      className="square"
      onClick={[Function]}
    >
      半
    </button>
    <button
      className="square"
      onClick={[Function]}
    >
      半
    </button>
    <button
      className="square"
      onClick={[Function]}
    >
      半
    </button>
  </div>
  <div
    className="board-row"
  >
    <button
      className="square"
      onClick={[Function]}
    >
      半
    </button>
    <button
      className="square"
      onClick={[Function]}
    >
      半
    </button>
    <button
      className="square"
      onClick={[Function]}
    >
      半
    </button>
  </div>
</div>
`;

exports[`Storyshots Board All Triangle 1`] = `
<div>
  <div
    className="board-row"
  >
    <button
      className="square"
      onClick={[Function]}
    >
      △
    </button>
    <button
      className="square"
      onClick={[Function]}
    >
      △
    </button>
    <button
      className="square"
      onClick={[Function]}
    >
      △
    </button>
  </div>
  <div
    className="board-row"
  >
    <button
      className="square"
      onClick={[Function]}
    >
      △
    </button>
    <button
      className="square"
      onClick={[Function]}
    >
      △
    </button>
    <button
      className="square"
      onClick={[Function]}
    >
      △
    </button>
  </div>
  <div
    className="board-row"
  >
    <button
      className="square"
      onClick={[Function]}
    >
      △
    </button>
    <button
      className="square"
      onClick={[Function]}
    >
      △
    </button>
    <button
      className="square"
      onClick={[Function]}
    >
      △
    </button>
  </div>
</div>
`;

exports[`Storyshots Board Default 1`] = `
<div>
  <div
    className="board-row"
  >
    <button
      className="square"
      onClick={[Function]}
    />
    <button
      className="square"
      onClick={[Function]}
    />
    <button
      className="square"
      onClick={[Function]}
    />
  </div>
  <div
    className="board-row"
  >
    <button
      className="square"
      onClick={[Function]}
    />
    <button
      className="square"
      onClick={[Function]}
    />
    <button
      className="square"
      onClick={[Function]}
    />
  </div>
  <div
    className="board-row"
  >
    <button
      className="square"
      onClick={[Function]}
    />
    <button
      className="square"
      onClick={[Function]}
    />
    <button
      className="square"
      onClick={[Function]}
    />
  </div>
</div>
`;

exports[`Storyshots Board Random With Circle And Cross 1`] = `
<div>
  <div
    className="board-row"
  >
    <button
      className="square"
      onClick={[Function]}
    >
      X
    </button>
    <button
      className="square"
      onClick={[Function]}
    >
      O
    </button>
    <button
      className="square"
      onClick={[Function]}
    >
      X
    </button>
  </div>
  <div
    className="board-row"
  >
    <button
      className="square"
      onClick={[Function]}
    >
      O
    </button>
    <button
      className="square"
      onClick={[Function]}
    >
      X
    </button>
    <button
      className="square"
      onClick={[Function]}
    >
      O
    </button>
  </div>
  <div
    className="board-row"
  >
    <button
      className="square"
      onClick={[Function]}
    >
      X
    </button>
    <button
      className="square"
      onClick={[Function]}
    />
    <button
      className="square"
      onClick={[Function]}
    >
      O
    </button>
  </div>
</div>
`;

exports[`Storyshots Board Random With Han And Cho 1`] = `
<div>
  <div
    className="board-row"
  >
    <button
      className="square"
      onClick={[Function]}
    >
      半
    </button>
    <button
      className="square"
      onClick={[Function]}
    >
      丁
    </button>
    <button
      className="square"
      onClick={[Function]}
    >
      半
    </button>
  </div>
  <div
    className="board-row"
  >
    <button
      className="square"
      onClick={[Function]}
    >
      丁
    </button>
    <button
      className="square"
      onClick={[Function]}
    >
      半
    </button>
    <button
      className="square"
      onClick={[Function]}
    >
      丁
    </button>
  </div>
  <div
    className="board-row"
  >
    <button
      className="square"
      onClick={[Function]}
    >
      半
    </button>
    <button
      className="square"
      onClick={[Function]}
    />
    <button
      className="square"
      onClick={[Function]}
    >
      丁
    </button>
  </div>
</div>
`;

exports[`Storyshots Game All Cho 1`] = `
<div
  className="game"
>
  <div
    className="game-board"
  >
    <div>
      <div
        className="board-row"
      >
        <button
          className="square"
          onClick={[Function]}
        >
          丁
        </button>
        <button
          className="square"
          onClick={[Function]}
        >
          丁
        </button>
        <button
          className="square"
          onClick={[Function]}
        >
          丁
        </button>
      </div>
      <div
        className="board-row"
      >
        <button
          className="square"
          onClick={[Function]}
        >
          丁
        </button>
        <button
          className="square"
          onClick={[Function]}
        >
          丁
        </button>
        <button
          className="square"
          onClick={[Function]}
        >
          丁
        </button>
      </div>
      <div
        className="board-row"
      >
        <button
          className="square"
          onClick={[Function]}
        >
          丁
        </button>
        <button
          className="square"
          onClick={[Function]}
        >
          丁
        </button>
        <button
          className="square"
          onClick={[Function]}
        >
          丁
        </button>
      </div>
    </div>
  </div>
  <div
    className="game-info"
  >
    <div>
      Next player: X
    </div>
    <ol>
      <li>
        <button
          onClick={[Function]}
        >
          Go to game start
        </button>
      </li>
    </ol>
  </div>
</div>
`;

exports[`Storyshots Game All Han 1`] = `
<div
  className="game"
>
  <div
    className="game-board"
  >
    <div>
      <div
        className="board-row"
      >
        <button
          className="square"
          onClick={[Function]}
        >
          半
        </button>
        <button
          className="square"
          onClick={[Function]}
        >
          半
        </button>
        <button
          className="square"
          onClick={[Function]}
        >
          半
        </button>
      </div>
      <div
        className="board-row"
      >
        <button
          className="square"
          onClick={[Function]}
        >
          半
        </button>
        <button
          className="square"
          onClick={[Function]}
        >
          半
        </button>
        <button
          className="square"
          onClick={[Function]}
        >
          半
        </button>
      </div>
      <div
        className="board-row"
      >
        <button
          className="square"
          onClick={[Function]}
        >
          半
        </button>
        <button
          className="square"
          onClick={[Function]}
        >
          半
        </button>
        <button
          className="square"
          onClick={[Function]}
        >
          半
        </button>
      </div>
    </div>
  </div>
  <div
    className="game-info"
  >
    <div>
      Next player: X
    </div>
    <ol>
      <li>
        <button
          onClick={[Function]}
        >
          Go to game start
        </button>
      </li>
    </ol>
  </div>
</div>
`;

exports[`Storyshots Game All Triangle 1`] = `
<div
  className="game"
>
  <div
    className="game-board"
  >
    <div>
      <div
        className="board-row"
      >
        <button
          className="square"
          onClick={[Function]}
        >
          △
        </button>
        <button
          className="square"
          onClick={[Function]}
        >
          △
        </button>
        <button
          className="square"
          onClick={[Function]}
        >
          △
        </button>
      </div>
      <div
        className="board-row"
      >
        <button
          className="square"
          onClick={[Function]}
        >
          △
        </button>
        <button
          className="square"
          onClick={[Function]}
        >
          △
        </button>
        <button
          className="square"
          onClick={[Function]}
        >
          △
        </button>
      </div>
      <div
        className="board-row"
      >
        <button
          className="square"
          onClick={[Function]}
        >
          △
        </button>
        <button
          className="square"
          onClick={[Function]}
        >
          △
        </button>
        <button
          className="square"
          onClick={[Function]}
        >
          △
        </button>
      </div>
    </div>
  </div>
  <div
    className="game-info"
  >
    <div>
      Next player: X
    </div>
    <ol>
      <li>
        <button
          onClick={[Function]}
        >
          Go to game start
        </button>
      </li>
    </ol>
  </div>
</div>
`;

exports[`Storyshots Game Default 1`] = `
<div
  className="game"
>
  <div
    className="game-board"
  >
    <div>
      <div
        className="board-row"
      >
        <button
          className="square"
          onClick={[Function]}
        />
        <button
          className="square"
          onClick={[Function]}
        />
        <button
          className="square"
          onClick={[Function]}
        />
      </div>
      <div
        className="board-row"
      >
        <button
          className="square"
          onClick={[Function]}
        />
        <button
          className="square"
          onClick={[Function]}
        />
        <button
          className="square"
          onClick={[Function]}
        />
      </div>
      <div
        className="board-row"
      >
        <button
          className="square"
          onClick={[Function]}
        />
        <button
          className="square"
          onClick={[Function]}
        />
        <button
          className="square"
          onClick={[Function]}
        />
      </div>
    </div>
  </div>
  <div
    className="game-info"
  >
    <div>
      Next player: X
    </div>
    <ol>
      <li>
        <button
          onClick={[Function]}
        >
          Go to game start
        </button>
      </li>
    </ol>
  </div>
</div>
`;

exports[`Storyshots Game First Step 1`] = `
<div
  className="game"
>
  <div
    className="game-board"
  >
    <div>
      <div
        className="board-row"
      >
        <button
          className="square"
          onClick={[Function]}
        >
          X
        </button>
        <button
          className="square"
          onClick={[Function]}
        />
        <button
          className="square"
          onClick={[Function]}
        />
      </div>
      <div
        className="board-row"
      >
        <button
          className="square"
          onClick={[Function]}
        />
        <button
          className="square"
          onClick={[Function]}
        />
        <button
          className="square"
          onClick={[Function]}
        />
      </div>
      <div
        className="board-row"
      >
        <button
          className="square"
          onClick={[Function]}
        />
        <button
          className="square"
          onClick={[Function]}
        />
        <button
          className="square"
          onClick={[Function]}
        />
      </div>
    </div>
  </div>
  <div
    className="game-info"
  >
    <div>
      Next player: O
    </div>
    <ol>
      <li>
        <button
          onClick={[Function]}
        >
          Go to game start
        </button>
      </li>
      <li>
        <button
          onClick={[Function]}
        >
          Go to move #1
        </button>
      </li>
    </ol>
  </div>
</div>
`;

exports[`Storyshots Game Random 1`] = `
<div
  className="game"
>
  <div
    className="game-board"
  >
    <div>
      <div
        className="board-row"
      >
        <button
          className="square"
          onClick={[Function]}
        >
          X
        </button>
        <button
          className="square"
          onClick={[Function]}
        >
          O
        </button>
        <button
          className="square"
          onClick={[Function]}
        >
          X
        </button>
      </div>
      <div
        className="board-row"
      >
        <button
          className="square"
          onClick={[Function]}
        >
          O
        </button>
        <button
          className="square"
          onClick={[Function]}
        >
          X
        </button>
        <button
          className="square"
          onClick={[Function]}
        >
          O
        </button>
      </div>
      <div
        className="board-row"
      >
        <button
          className="square"
          onClick={[Function]}
        >
          X
        </button>
        <button
          className="square"
          onClick={[Function]}
        />
        <button
          className="square"
          onClick={[Function]}
        >
          O
        </button>
      </div>
    </div>
  </div>
  <div
    className="game-info"
  >
    <div>
      Next player: X
    </div>
    <ol>
      <li>
        <button
          onClick={[Function]}
        >
          Go to game start
        </button>
      </li>
      <li>
        <button
          onClick={[Function]}
        >
          Go to move #1
        </button>
      </li>
      <li>
        <button
          onClick={[Function]}
        >
          Go to move #2
        </button>
      </li>
      <li>
        <button
          onClick={[Function]}
        >
          Go to move #3
        </button>
      </li>
      <li>
        <button
          onClick={[Function]}
        >
          Go to move #4
        </button>
      </li>
      <li>
        <button
          onClick={[Function]}
        >
          Go to move #5
        </button>
      </li>
      <li>
        <button
          onClick={[Function]}
        >
          Go to move #6
        </button>
      </li>
      <li>
        <button
          onClick={[Function]}
        >
          Go to move #7
        </button>
      </li>
      <li>
        <button
          onClick={[Function]}
        >
          Go to move #8
        </button>
      </li>
    </ol>
  </div>
</div>
`;

exports[`Storyshots Game Second Step 1`] = `
<div
  className="game"
>
  <div
    className="game-board"
  >
    <div>
      <div
        className="board-row"
      >
        <button
          className="square"
          onClick={[Function]}
        >
          X
        </button>
        <button
          className="square"
          onClick={[Function]}
        >
          O
        </button>
        <button
          className="square"
          onClick={[Function]}
        />
      </div>
      <div
        className="board-row"
      >
        <button
          className="square"
          onClick={[Function]}
        />
        <button
          className="square"
          onClick={[Function]}
        />
        <button
          className="square"
          onClick={[Function]}
        />
      </div>
      <div
        className="board-row"
      >
        <button
          className="square"
          onClick={[Function]}
        />
        <button
          className="square"
          onClick={[Function]}
        />
        <button
          className="square"
          onClick={[Function]}
        />
      </div>
    </div>
  </div>
  <div
    className="game-info"
  >
    <div>
      Next player: X
    </div>
    <ol>
      <li>
        <button
          onClick={[Function]}
        >
          Go to game start
        </button>
      </li>
      <li>
        <button
          onClick={[Function]}
        >
          Go to move #1
        </button>
      </li>
      <li>
        <button
          onClick={[Function]}
        >
          Go to move #2
        </button>
      </li>
    </ol>
  </div>
</div>
`;

exports[`Storyshots Game Third Step 1`] = `
<div
  className="game"
>
  <div
    className="game-board"
  >
    <div>
      <div
        className="board-row"
      >
        <button
          className="square"
          onClick={[Function]}
        >
          X
        </button>
        <button
          className="square"
          onClick={[Function]}
        >
          O
        </button>
        <button
          className="square"
          onClick={[Function]}
        />
      </div>
      <div
        className="board-row"
      >
        <button
          className="square"
          onClick={[Function]}
        />
        <button
          className="square"
          onClick={[Function]}
        />
        <button
          className="square"
          onClick={[Function]}
        />
      </div>
      <div
        className="board-row"
      >
        <button
          className="square"
          onClick={[Function]}
        />
        <button
          className="square"
          onClick={[Function]}
        />
        <button
          className="square"
          onClick={[Function]}
        />
      </div>
    </div>
  </div>
  <div
    className="game-info"
  >
    <div>
      Next player: O
    </div>
    <ol>
      <li>
        <button
          onClick={[Function]}
        >
          Go to game start
        </button>
      </li>
      <li>
        <button
          onClick={[Function]}
        >
          Go to move #1
        </button>
      </li>
      <li>
        <button
          onClick={[Function]}
        >
          Go to move #2
        </button>
      </li>
      <li>
        <button
          onClick={[Function]}
        >
          Go to move #3
        </button>
      </li>
    </ol>
  </div>
</div>
`;

exports[`Storyshots Square Cho 1`] = `
<button
  className="square"
>
  丁
</button>
`;

exports[`Storyshots Square Circle 1`] = `
<button
  className="square"
>
  O
</button>
`;

exports[`Storyshots Square Cross 1`] = `
<button
  className="square"
>
  X
</button>
`;

exports[`Storyshots Square Default 1`] = `
<button
  className="square"
/>
`;

exports[`Storyshots Square Han 1`] = `
<button
  className="square"
>
  半
</button>
`;

exports[`Storyshots Square Triangle 1`] = `
<button
  className="square"
>
  △
</button>
`;
